Traceback (most recent call last):
  File "C:\Users\kamil\AppData\Roaming\Python\Python39\site-packages\jupyter_cache\executors\utils.py", line 58, in single_nb_execution
    executenb(
  File "C:\ProgramData\Anaconda3\lib\site-packages\nbclient\client.py", line 1204, in execute
    return NotebookClient(nb=nb, resources=resources, km=km, **kwargs).execute()
  File "C:\ProgramData\Anaconda3\lib\site-packages\nbclient\util.py", line 84, in wrapped
    return just_run(coro(*args, **kwargs))
  File "C:\ProgramData\Anaconda3\lib\site-packages\nbclient\util.py", line 62, in just_run
    return loop.run_until_complete(coro)
  File "C:\ProgramData\Anaconda3\lib\asyncio\base_events.py", line 647, in run_until_complete
    return future.result()
  File "C:\ProgramData\Anaconda3\lib\site-packages\nbclient\client.py", line 663, in async_execute
    await self.async_execute_cell(
  File "C:\ProgramData\Anaconda3\lib\site-packages\nbclient\client.py", line 965, in async_execute_cell
    await self._check_raise_for_error(cell, cell_index, exec_reply)
  File "C:\ProgramData\Anaconda3\lib\site-packages\nbclient\client.py", line 862, in _check_raise_for_error
    raise CellExecutionError.from_cell_and_msg(cell, exec_reply_content)
nbclient.exceptions.CellExecutionError: An error occurred while executing the following cell:
------------------
import matplotlib.pyplot as plt
with rasterio.open('sample.tif') as src:
    # tylko przykład, to nie NDVI
    red = src.read(1).astype(float)
    nir = src.read(3).astype(float)

# Unikamy dzielenia przez zero
mianownik = nir + red
ndvi = np.where(
    mianownik != 0,
    (nir - red) / mianownik,
    np.nan
)

print(f'NDVI min: {np.nanmin(ndvi):.3f}')
print(f'NDVI max: {np.nanmax(ndvi):.3f}')
print(f'NDVI mean: {np.nanmean(ndvi):.3f}')

plt.figure(figsize=(12,12))
pyplot.imshow(ndvi)
pyplot.show()
------------------

[1;31m---------------------------------------------------------------------------[0m
[1;31mNameError[0m                                 Traceback (most recent call last)
Input [1;32mIn [5][0m, in [0;36m<cell line: 20>[1;34m()[0m
[0;32m     17[0m [38;5;28mprint[39m([38;5;124mf[39m[38;5;124m'[39m[38;5;124mNDVI mean: [39m[38;5;132;01m{[39;00mnp[38;5;241m.[39mnanmean(ndvi)[38;5;132;01m:[39;00m[38;5;124m.3f[39m[38;5;132;01m}[39;00m[38;5;124m'[39m)
[0;32m     19[0m plt[38;5;241m.[39mfigure(figsize[38;5;241m=[39m([38;5;241m12[39m,[38;5;241m12[39m))
[1;32m---> 20[0m [43mpyplot[49m[38;5;241m.[39mimshow(ndvi)
[0;32m     21[0m pyplot[38;5;241m.[39mshow()

[1;31mNameError[0m: name 'pyplot' is not defined
NameError: name 'pyplot' is not defined

